[demo.highhay.com/simpleux/index-slideshow.html]
[backblue.gif]
[fade.gif]
[index.html]
[demo.highhay.com/simpleux/js/vendor/modernizr-2.7.1.min.js]
[demo.highhay.com/simpleux/img/logo.png]
[demo.highhay.com/simpleux/index.html]
[demo.highhay.com/simpleux/gallery.html]
[demo.highhay.com/simpleux/item.html]
[demo.highhay.com/simpleux/demo.html]
[demo.highhay.com/simpleux/img/logo_white.png]
[demo.highhay.com/simpleux/img/items/img-people1-square.jpg]
[demo.highhay.com/simpleux/img/items/img-people2-square.jpg]
[demo.highhay.com/simpleux/img/items/img-people3-square.jpg]
[demo.highhay.com/simpleux/img/items/img-sample2-small.jpg]
[demo.highhay.com/simpleux/img/items/img-sample3-small.jpg]
[demo.highhay.com/simpleux/img/items/img-sample4-small.jpg]
[demo.highhay.com/simpleux/img/items/img-sample5-small.jpg]
[demo.highhay.com/simpleux/demopage/default.jpg]
[demo.highhay.com/simpleux/demopage/slideshow.jpg]
[demo.highhay.com/simpleux/index-video.html]
[demo.highhay.com/simpleux/demopage/video.jpg]
[demo.highhay.com/simpleux/img/items/img-sample7.jpg]
[demo.highhay.com/simpleux/img/items/img-portrait.jpg]
[demo.highhay.com/simpleux/img/items/img-sample2.jpg]
[demo.highhay.com/simpleux/js/vendor/jquery-1.12.4.min.js]
[demo.highhay.com/simpleux/js/vendor/scrolloverflow.min.js]
[demo.highhay.com/simpleux/js/vendor/all.js]
[demo.highhay.com/simpleux/js/particlejs/particles.min.js]
[demo.highhay.com/simpleux/js/jquery.downCount.js]
[demo.highhay.com/simpleux/js/form_script.js]
[demo.highhay.com/simpleux/js/main.js]
[demo.highhay.com/simpleux/index-slideshow.html]
[demo.highhay.com/img/bg-default.html]
[demo.highhay.com/simpleux/fonts/opensans/OpenSans-Bold-webfont.eot]
[demo.highhay.com/simpleux/fonts/opensans/OpenSans-Bold-webfont.woff]
[demo.highhay.com/simpleux/fonts/opensans/OpenSans-Bold-webfontd41d.eot]
[demo.highhay.com/simpleux/fonts/opensans/OpenSans-Bold-webfont.ttf]
[demo.highhay.com/simpleux/fonts/opensans/opensans-light-webfont.eot]
[demo.highhay.com/simpleux/fonts/opensans/opensans-light-webfontd41d.eot]
[demo.highhay.com/simpleux/fonts/opensans/opensans-light-webfont.woff]
[demo.highhay.com/simpleux/fonts/opensans/opensans-light-webfont.ttf]
[demo.highhay.com/simpleux/fonts/opensans/opensans-regular-webfont.eot]
[demo.highhay.com/simpleux/fonts/opensans/opensans-regular-webfont.woff]
[demo.highhay.com/simpleux/fonts/opensans/opensans-regular-webfontd41d.eot]
[demo.highhay.com/simpleux/fonts/opensans/opensans-regular-webfont.ttf]
[demo.highhay.com/simpleux/fonts/opensans/stylesheet.css]
[demo.highhay.com/simpleux/fonts/bebas/bebasneue_bold-webfont.eot]
[demo.highhay.com/simpleux/fonts/bebas/bebasneue_bold-webfont.woff]
[demo.highhay.com/simpleux/fonts/bebas/bebasneue_bold-webfontd41d.eot]
[demo.highhay.com/simpleux/fonts/bebas/bebasneue_bold-webfont.ttf]
[demo.highhay.com/simpleux/fonts/bebas/bebasneue_book-webfont.eot]
[demo.highhay.com/simpleux/fonts/bebas/bebasneue_book-webfont.woff]
[demo.highhay.com/simpleux/fonts/bebas/bebasneue_book-webfontd41d.eot]
[demo.highhay.com/simpleux/fonts/bebas/bebasneue_book-webfont.ttf]
[demo.highhay.com/simpleux/fonts/bebas/bebasneue_light-webfont.eot]
[demo.highhay.com/simpleux/fonts/bebas/bebasneue_light-webfontd41d.eot]
[demo.highhay.com/simpleux/fonts/bebas/bebasneue_light-webfont.woff]
[demo.highhay.com/simpleux/fonts/bebas/bebasneue_light-webfont.ttf]
[demo.highhay.com/simpleux/fonts/bebas/bebasneue_regular-webfont.eot]
[demo.highhay.com/simpleux/fonts/bebas/bebasneue_regular-webfont.woff]
[demo.highhay.com/simpleux/fonts/bebas/bebasneue_regular-webfontd41d.eot]
[demo.highhay.com/simpleux/fonts/bebas/bebasneue_regular-webfont.ttf]
[demo.highhay.com/simpleux/fonts/bebas/bebasneue_thin-webfont.eot]
[demo.highhay.com/simpleux/fonts/bebas/bebasneue_thin-webfontd41d.eot]
[demo.highhay.com/simpleux/fonts/bebas/bebasneue_thin-webfont.woff]
[demo.highhay.com/simpleux/fonts/bebas/bebasneue_thin-webfont.ttf]
[demo.highhay.com/simpleux/fonts/bebas/stylesheet.css]
[demo.highhay.com/simpleux/fonts/ionicons28b5.eot]
[demo.highhay.com/simpleux/fonts/ionicons28b5.ttf]
[demo.highhay.com/simpleux/fonts/ionicons28b5.woff]
[demo.highhay.com/simpleux/fonts/ionicons.min.css]
[demo.highhay.com/simpleux/fonts/fontawesome-webfont3e6e.eot]
[demo.highhay.com/simpleux/fonts/fontawesome-webfontd41d.eot]
[demo.highhay.com/simpleux/fonts/fontawesome-webfont3e6e.woff2]
[demo.highhay.com/simpleux/fonts/fontawesome-webfont3e6e.woff]
[demo.highhay.com/simpleux/fonts/fontawesome-webfont3e6e.ttf]
[demo.highhay.com/simpleux/fonts/font-awesome.min.css]
[demo.highhay.com/simpleux/css/pageloader.css]
[demo.highhay.com/simpleux/css/bootstrap.min.css]
[demo.highhay.com/simpleux/js/vendor/swiper.min.css]
[demo.highhay.com/simpleux/js/vendor/jquery.fullpage.min.css]
[demo.highhay.com/simpleux/js/vegas/overlays/02.png]
[demo.highhay.com/simpleux/js/vegas/vegas.min.css]
[demo.highhay.com/simpleux/img/bg-default.jpg]
[demo.highhay.com/simpleux/css/main.css]
[demo.highhay.com/simpleux/index.html]
[demo.highhay.com/simpleux/gallery.html]
[demo.highhay.com/simpleux/index-2.html]
[demo.highhay.com/simpleux/img/avatar.png]
[demo.highhay.com/simpleux/item.html]
[demo.highhay.com/simpleux/index-home-alt.html]
[demo.highhay.com/simpleux/demopage/home-centered.jpg]
[demo.highhay.com/simpleux/index-home-full.html]
[demo.highhay.com/simpleux/demopage/home-full.jpg]
[demo.highhay.com/simpleux/index-style1.html]
[demo.highhay.com/simpleux/demopage/style1.jpg]
[demo.highhay.com/simpleux/index-style2.html]
[demo.highhay.com/simpleux/demopage/style2.jpg]
[demo.highhay.com/simpleux/demopage/particle.jpg]
[demo.highhay.com/simpleux/index-particle.html]
[demo.highhay.com/simpleux/demo.html]
[demo.highhay.com/simpleux/vid/loop-bg.mp4]
[demo.highhay.com/simpleux/index-video.html]
[demo.highhay.com/simpleux/fonts/opensans/OpenSans-Bold-webfont.svg]
[demo.highhay.com/simpleux/fonts/opensans/opensans-light-webfont.svg]
[demo.highhay.com/simpleux/fonts/opensans/opensans-regular-webfont.svg]
[demo.highhay.com/simpleux/fonts/bebas/bebasneue_bold-webfont.svg]
[demo.highhay.com/simpleux/fonts/bebas/bebasneue_book-webfont.svg]
[demo.highhay.com/simpleux/fonts/bebas/bebasneue_light-webfont.svg]
[demo.highhay.com/simpleux/fonts/bebas/bebasneue_regular-webfont.svg]
[demo.highhay.com/simpleux/fonts/bebas/bebasneue_thin-webfont.svg]
[demo.highhay.com/simpleux/fonts/ionicons28b5.svg]
[demo.highhay.com/simpleux/fonts/fontawesome-webfont3e6e.svg]
[demo.highhay.com/simpleux/css/style-default.css]
[demo.highhay.com/simpleux/index-2.html]
[demo.highhay.com/simpleux/index-home-alt.html]
[demo.highhay.com/simpleux/index-home-full.html]
[demo.highhay.com/simpleux/gallery-style1.html]
[demo.highhay.com/simpleux/item-style1.html]
[demo.highhay.com/simpleux/img/logo_dark.png]
[demo.highhay.com/simpleux/index-style1.html]
[demo.highhay.com/simpleux/gallery-style2.html]
[demo.highhay.com/simpleux/item-style2.html]
[demo.highhay.com/simpleux/index-style2.html]
[demo.highhay.com/simpleux/js/particlejs/particles-init.js]
[demo.highhay.com/simpleux/index-particle.html]
[demo.highhay.com/simpleux/css/style-color1.css]
[demo.highhay.com/simpleux/gallery-style1.html]
[demo.highhay.com/simpleux/item-style1.html]
[demo.highhay.com/simpleux/css/style-color2.css]
[demo.highhay.com/simpleux/gallery-style2.html]
[demo.highhay.com/simpleux/item-style2.html]
[demo.highhay.com/simpleux/vid/loop-bg.mp4]
